[pay.google.com/about/index.html]
[backblue.gif]
[fade.gif]
[index.html]
[pay.google.com/about/static_kcs/images/favicon.ico]
[pay.google.com/intl/en_in/about/index.html]
[pay.google.com/intl/cs_cz/about/index.html]
[pay.google.com/intl/bn_in/about/index.html]
[pay.google.com/intl/de_de/about/index.html]
[pay.google.com/intl/en_au/about/index.html]
[pay.google.com/intl/en_dk/about/index.html]
[pay.google.com/intl/en_fi/about/index.html]
[pay.google.com/intl/en_ca/about/index.html]
[pay.google.com/intl/en_hk/about/index.html]
[pay.google.com/about/static_kcs/images/logos/footer-logo.svg]
[pay.google.com/intl/en_ie/about/index.html]
[pay.google.com/about/static_kcs/images/logos/google-pay-logo.svg]
[pay.google.com/intl/en_no/about/index.html]
[pay.google.com/intl/en_se/about/index.html]
[pay.google.com/intl/en_nz/about/index.html]
[pay.google.com/about/static_kcs/images/icons/playstore/badge@en_us.png]
[pay.google.com/intl/en_sg/about/index.html]
[pay.google.com/intl/en_uk/about/index.html]
[pay.google.com/about/static_kcs/images/icons/appstore/badge@en_us.png]
[pay.google.com/intl/fr_be/about/index.html]
[pay.google.com/intl/es_es/about/index.html]
[pay.google.com/intl/fr_ca/about/index.html]
[pay.google.com/intl/fr_fr/about/index.html]
[pay.google.com/intl/gu_in/about/index.html]
[pay.google.com/intl/hi_in/about/index.html]
[pay.google.com/intl/it_it/about/index.html]
[pay.google.com/intl/ja_jp/about/index.html]
[pay.google.com/about/static_kcs/js/base.min.js]
[pay.google.com/about/index.html]
[pay.google.com/intl/nl_be/about/index.html]
[pay.google.com/intl/kn_in/about/index.html]
[pay.google.com/intl/en_in/about/index.html]
[pay.google.com/intl/mr_in/about/index.html]
[pay.google.com/intl/pt_br/about/index.html]
[pay.google.com/intl/pl_pl/about/index.html]
[pay.google.com/intl/ru_ru/about/index.html]
[pay.google.com/intl/sk_sk/about/index.html]
[pay.google.com/about/static_kcs/images/icons/playstore/badge@bn_in.png]
[pay.google.com/intl/bn_in/about/index.html]
[pay.google.com/intl/ta_in/about/index.html]
[pay.google.com/intl/te_in/about/index.html]
[pay.google.com/intl/uk_ua/about/index.html]
[pay.google.com/intl/zh_hk/about/index.html]
[pay.google.com/intl/zh_tw/about/index.html]
[pay.google.com/about/static_kcs/images/social/og_image.jpg]
[pay.google.com/intl/en_in/about/business/index.html]
[pay.google.com/intl/en_in/about/terms/index.html]
[pay.google.com/intl/cs_cz/about/where-to-use/index.html]
[pay.google.com/intl/cs_cz/about/banks/index.html]
[pay.google.com/intl/cs_cz/about/learn/index.html]
[pay.google.com/intl/cs_cz/about/business/index.html]
[pay.google.com/payments/home69f9.html]
[pay.google.com/about/static_kcs/images/gifs/gpay.gif]
[pay.google.com/payments/homee481.html]
[pay.google.com/about/static_kcs/images/phone/pixel3-phone.png]
[pay.google.com/about/static_kcs/videos/gpay.mp4]
[pay.google.com/about/static_kcs/images/phone/home_screen_android.png]
[pay.google.com/about/static_kcs/images/icons/bank-icon.png]
[pay.google.com/intl/cs_cz/about/index.html]
[pay.google.com/intl/de_de/about/index.html]
[pay.google.com/intl/en_au/about/index.html]
[pay.google.com/intl/de_de/about/banks/index.html]
[pay.google.com/intl/en_ca/about/index.html]
[pay.google.com/intl/de_de/about/business/index.html]
[pay.google.com/intl/de_de/about/where-to-use/index.html]
[pay.google.com/intl/en_dk/about/index.html]
[pay.google.com/intl/en_au/about/where-to-use/index.html]
[pay.google.com/intl/de_de/about/paypal/index.html]
[pay.google.com/intl/en_fi/about/index.html]
[pay.google.com/intl/de_de/about/learn/index.html]
[pay.google.com/intl/en_hk/about/index.html]
[pay.google.com/intl/en_au/about/banks/index.html]
[pay.google.com/about/business/index.html]
[pay.google.com/intl/en_ie/about/index.html]
[pay.google.com/intl/en_ca/about/where-to-use/index.html]
[pay.google.com/intl/en_ca/about/banks/index.html]
[pay.google.com/intl/en_no/about/index.html]
[pay.google.com/intl/en_au/about/learn/index.html]
[pay.google.com/intl/en_dk/about/banks/index.html]
[pay.google.com/intl/en_nz/about/index.html]
[pay.google.com/intl/en_fi/about/banks/index.html]
[pay.google.com/intl/en_ca/about/learn/index.html]
[pay.google.com/intl/en_se/about/index.html]
[pay.google.com/intl/en_dk/about/learn/index.html]
[pay.google.com/intl/en_hk/about/banks/index.html]
[pay.google.com/intl/en_sg/about/index.html]
[pay.google.com/intl/en_hk/about/where-to-use/index.html]
[pay.google.com/intl/en_fi/about/learn/index.html]
[pay.google.com/intl/en_ie/about/where-to-use/index.html]
[pay.google.com/intl/en_ie/about/banks/index.html]
[pay.google.com/intl/en_hk/about/learn/index.html]
[pay.google.com/intl/en_ie/about/learn/index.html]
[pay.google.com/intl/en_uk/about/index.html]
[pay.google.com/intl/es_es/about/index.html]
[pay.google.com/intl/en_no/about/banks/index.html]
[pay.google.com/intl/en_nz/about/where-to-use/index.html]
[pay.google.com/intl/fr_be/about/index.html]
[pay.google.com/intl/en_nz/about/banks/index.html]
[pay.google.com/intl/en_se/about/banks/index.html]
[pay.google.com/intl/fr_ca/about/index.html]
[pay.google.com/intl/en_no/about/learn/index.html]
[pay.google.com/intl/en_nz/about/learn/index.html]
[pay.google.com/intl/fr_fr/about/index.html]
[pay.google.com/intl/en_se/about/learn/index.html]
[pay.google.com/intl/en_uk/about/where-to-use/index.html]
[pay.google.com/intl/en_sg/about/learn/index.html]
[pay.google.com/intl/en_uk/about/banks/index.html]
[pay.google.com/intl/en_uk/about/learn/index.html]
[pay.google.com/intl/en_uk/about/business/index.html]
[pay.google.com/about/static_kcs/images/icons/playstore/badge@gu_in.png]
[pay.google.com/intl/gu_in/about/index.html]
[pay.google.com/intl/es_es/about/banks/index.html]
[pay.google.com/intl/en_uk/about/tfl-london-underground/index.html]
[pay.google.com/intl/es_es/about/where-to-use/index.html]
[pay.google.com/intl/es_es/about/learn/index.html]
[pay.google.com/about/static_kcs/images/icons/playstore/badge@hi_in.png]
[pay.google.com/intl/hi_in/about/index.html]
[pay.google.com/intl/it_it/about/index.html]
[pay.google.com/intl/fr_be/about/banks/index.html]
[pay.google.com/intl/ja_jp/about/index.html]
[pay.google.com/intl/fr_ca/about/where-to-use/index.html]
[pay.google.com/intl/fr_be/about/where-to-use/index.html]
[pay.google.com/intl/es_es/about/business/index.html]
[pay.google.com/intl/fr_ca/about/banks/index.html]
[pay.google.com/intl/fr_ca/about/learn/index.html]
[pay.google.com/intl/fr_fr/about/where-to-use/index.html]
[pay.google.com/about/static_kcs/images/icons/playstore/badge@kn_in.png]
[pay.google.com/intl/kn_in/about/index.html]
[pay.google.com/intl/fr_fr/about/business/index.html]
[pay.google.com/intl/fr_fr/about/banks/index.html]
[pay.google.com/intl/it_it/about/where-to-use/index.html]
[pay.google.com/intl/it_it/about/banks/index.html]
[pay.google.com/intl/fr_fr/about/learn/index.html]
[pay.google.com/intl/it_it/about/learn/index.html]
[pay.google.com/about/static_kcs/images/icons/playstore/badge@mr_in.png]
[pay.google.com/intl/mr_in/about/index.html]
[pay.google.com/intl/nl_be/about/index.html]
[pay.google.com/intl/ja_jp/about/where-to-use/index.html]
[pay.google.com/intl/ja_jp/about/promotions/index.html]
[pay.google.com/intl/pl_pl/about/index.html]
[pay.google.com/intl/ja_jp/about/card-lineup/index.html]
[pay.google.com/intl/it_it/about/business/index.html]
[pay.google.com/intl/pt_br/about/index.html]
[pay.google.com/intl/ja_jp/about/business/index.html]
[pay.google.com/intl/nl_be/about/where-to-use/index.html]
[pay.google.com/intl/ru_ru/about/index.html]
[pay.google.com/intl/nl_be/about/banks/index.html]
[pay.google.com/intl/ja_jp/about/learn/index.html]
[pay.google.com/intl/sk_sk/about/index.html]
[pay.google.com/intl/pl_pl/about/banks/index.html]
[pay.google.com/intl/pl_pl/about/where-to-use/index.html]
[pay.google.com/intl/pl_pl/about/learn/index.html]
[pay.google.com/intl/pt_br/about/where-to-use/index.html]
[pay.google.com/intl/pl_pl/about/business/index.html]
[pay.google.com/intl/pt_br/about/banks/index.html]
[pay.google.com/about/static_kcs/images/icons/playstore/badge@ta_in.png]
[pay.google.com/intl/ta_in/about/index.html]
[pay.google.com/intl/pt_br/about/business/index.html]
[pay.google.com/intl/ru_ru/about/where-to-use/index.html]
[pay.google.com/about/static_kcs/images/icons/playstore/badge@te_in.png]
[pay.google.com/intl/te_in/about/index.html]
[pay.google.com/intl/pt_br/about/learn/index.html]
[pay.google.com/intl/ru_ru/about/business/index.html]
[pay.google.com/intl/uk_ua/about/index.html]
[pay.google.com/intl/ru_ru/about/banks/index.html]
[pay.google.com/intl/sk_sk/about/banks/index.html]
[pay.google.com/intl/ru_ru/about/learn/index.html]
[pay.google.com/intl/uk_ua/about/where-to-use/index.html]
[pay.google.com/intl/sk_sk/about/where-to-use/index.html]
[pay.google.com/intl/uk_ua/about/banks/index.html]
[pay.google.com/about/static/images/social/og_image.jpg]
[pay.google.com/intl/uk_ua/about/learn/index.html]
[pay.google.com/about/static/images/fav/favicon.ico]
[pay.google.com/intl/uk_ua/about/business/index.html]
[pay.google.com/about/static/images/logos/google-pay-logo.svg]
[pay.google.com/about/intl/zh_hk/static/img/cards/hsbc.png]
[pay.google.com/intl/zh_hk/about/where-to-use/index.html]
[pay.google.com/intl/zh_hk/about/banks/index.html]
[pay.google.com/intl/zh_hk/about/learn/index.html]
[pay.google.com/intl/zh_hk/about/business/index.html]
[pay.google.com/about/static/images/hero/phone/price.png]
[pay.google.com/about/static/images/hero/phone/klook.png]
[pay.google.com/about/static/images/hero/woman-behind-glass-m.jpg]
[pay.google.com/about/static/images/hero/woman-behind-glass-t.jpg]
[pay.google.com/about/static/images/hero/woman-behind-glass.jpg]
[pay.google.com/about/static/images/hero/girls-ice-cream-m.jpg]
[pay.google.com/about/static/images/hero/girls-ice-cream-t.jpg]
[pay.google.com/about/static/images/hero/girls-ice-cream.jpg]
[pay.google.com/about/static/images/hero/man-sunset-m.jpg]
[pay.google.com/about/static/images/hero/man-sunset-t.jpg]
[pay.google.com/about/static/images/hero/man-sunset.jpg]
[pay.google.com/about/intl/zh_hk/static/img/logos/play_store.png]
[pay.google.com/about/static/images/pay-stores/pay-stores-header-m_1x.jpg]
[pay.google.com/about/static/images/pay-stores/pay-stores-header-m_2x.jpg]
[pay.google.com/about/static/images/pay-stores/apac/pay-stores-header-t_1x.jpg]
[pay.google.com/about/static/images/pay-stores/apac/pay-stores-header-t_2x.jpg]
[pay.google.com/about/static/images/pay-stores/apac/pay-stores-header_1x.jpg]
[pay.google.com/about/static/images/pay-stores/apac/pay-stores-header_2x.jpg]
[pay.google.com/about/static/images/pay-stores/phone-frame.png]
[pay.google.com/about/intl/zh_hk/static/img/cards/asia-miles.png]
[pay.google.com/about/static/images/pay-stores/home_screen_android.jpg]
[pay.google.com/about/static/images/logos/card-symbol.png]
[pay.google.com/about/static/images/logos/google-pay-badge.png]
[pay.google.com/about/static/images/hero/three-friends-bridge-m.jpg]
[pay.google.com/about/static/images/hero/three-friends-bridge-t.jpg]
[pay.google.com/about/static/images/hero/three-friends-bridge.jpg]
[pay.google.com/about/static/images/icons/bank-icon.png]
[pay.google.com/about/static/images/product/g_play_1x.png]
[pay.google.com/about/static/images/product/g_assistant_1x.png]
[pay.google.com/about/static/images/product/g_chrome_1x.png]
[pay.google.com/about/static/images/product/g_youtube_1x.png]
[pay.google.com/about/intl/zh_hk/static/img/cards/card-hang.png]
[pay.google.com/about/intl/zh_hk/static/img/cards/card-hsbc.png]
[pay.google.com/about/intl/zh_hk/static/img/cards/card-dbs.png]
[pay.google.com/about/intl/zh_hk/static/img/cards/card-citi.png]
[pay.google.com/about/intl/zh_hk/static/img/cards/card-bea.png]
[pay.google.com/about/intl/zh_hk/static/img/cards/amex.png]
[pay.google.com/about/intl/zh_hk/static/img/links/section-links-where.jpg]
[pay.google.com/about/static/images/links/section-links-learn.jpg]
[www.gstatic.com/external_hosted/hammerjs/v2_0_2/hammer.min.js]
[pay.google.com/about/static/js/bundle.min.js]
[pay.google.com/intl/zh_hk/about/index.html]
[pay.google.com/intl/zh_tw/about/index.html]
[pay.google.com/about/static_kcs/fonts/OCRAStd.woff2]
[pay.google.com/intl/zh_tw/about/banks/index.html]
[pay.google.com/about/static_kcs/fonts/OCRAStd.woff]
[pay.google.com/intl/zh_tw/about/where-to-use/index.html]
[pay.google.com/intl/zh_tw/about/business/index.html]
[pay.google.com/intl/zh_tw/about/learn/index.html]
[pay.google.com/about/static_kcs/fonts/icons.eot]
[pay.google.com/about/static_kcs/fonts/iconsd41d.eot]
[pay.google.com/about/static_kcs/fonts/icons.woff]
[pay.google.com/about/static_kcs/fonts/icons.ttf]
[pay.google.com/about/static_kcs/images/icons/gray-down-icon.webp]
[pay.google.com/about/static_kcs/images/icons/gray-down-icon.png]
[pay.google.com/about/static_kcs/css/base.min.css]
[www.googletagmanager.com/gtm5445.html]
[pay.google.com/about/static_kcs/images/logos/footer-logo.svg]
[pay.google.com/about/business/static/images/favicon.ico]
[pay.google.com/intl/es_us/about/business/index.html]
[pay.google.com/about/business/static/images/logos/logo-gp3.svg]
[pay.google.com/about/business/static/images/icons/playstore/badge@en_us.png]
[pay.google.com/intl/en_in/about/business/terms/index.html]
[pay.google.com/intl/en_in/about/business/resources/index.html]
[pay.google.com/about/business/static/js/index.min.js]
[pay.google.com/intl/en_in/about/business/index.html]
[pay.google.com/about/static_kcs/images/logos/google-pay-logo.svg]
[pay.google.com/intl/en_in/about/terms/index.html]
[pay.google.com/intl/cs_cz/about/where-to-use/index.html]
[pay.google.com/intl/en_in/about/external/npci/index.html]
[pay.google.com/intl/en_in/about/policy/index.html]
[pay.google.com/intl/cs_cz/about/banks/index.html]
[pay.google.com/intl/en_in/about/business/policy/index.html]
[pay.google.com/intl/en_in/about/terms/external/mmtc/index.html]
[pay.google.com/about/where-to-use/index.html]
[pay.google.com/about/banks/index.html]
[pay.google.com/about/learn/index.html]
[pay.google.com/payments/u/0/home.html]
[pay.google.com/about/static/images/logos/hamburguer-menu.png]
[pay.google.com/intl/cs_cz/about/learn/index.html]
[pay.google.com/index.html]
[pay.google.com/about/business/static/images/logos/google-pay-logo.svg]
[pay.google.com/intl/cs_cz/about/business/checkout/index.html]
[pay.google.com/intl/cs_cz/about/business/index.html]
[pay.google.com/intl/cs_cz/about/business/resources/index.html]
[pay.google.com/payments/home69f9.html]
[pay.google.com/intl/cs_cz/about/business/passes-and-rewards/index.html]
[pay.google.com/intl/cs_cz/about/business/partners/index.html]
[pay.google.com/payments/homee481.html]
[pay.google.com/intl/de_de/about/where-to-use/index.html]
[pay.google.com/intl/de_de/about/banks/index.html]
[pay.google.com/intl/de_de/about/learn/index.html]
[pay.google.com/intl/de_de/about/business/index.html]
[pay.google.com/intl/cs_cz/about/business/implementation/index.html]
[pay.google.com/intl/de_de/about/paypal/index.html]
[pay.google.com/intl/cs_cz/about/business/order-decals/index.html]
[pay.google.com/intl/cs_cz/about/business/strong-customer-authentication/index.html]
[pay.google.com/intl/en_au/about/where-to-use/index.html]
[pay.google.com/intl/de_de/about/business/checkout/index.html]
[pay.google.com/intl/de_de/about/business/passes-and-rewards/index.html]
[pay.google.com/intl/en_au/about/banks/index.html]
[pay.google.com/intl/de_de/about/business/resources/index.html]
[pay.google.com/intl/de_de/about/business/order-decals/index.html]
[pay.google.com/intl/de_de/about/business/partners/index.html]
[pay.google.com/intl/en_au/about/learn/index.html]
[pay.google.com/about/business/index.html]
[pay.google.com/intl/en_au/about/https_/ptv.vic.gov.au/tickets/myki/mobile-myki/index.html]
[pay.google.com/intl/en_ca/about/where-to-use/index.html]
[pay.google.com/intl/en_ca/about/banks/index.html]
[pay.google.com/intl/en_ca/about/learn/index.html]
[pay.google.com/intl/en_dk/about/banks/index.html]
[pay.google.com/intl/en_dk/about/learn/index.html]
[pay.google.com/intl/en_fi/about/banks/index.html]
[pay.google.com/intl/en_fi/about/learn/index.html]
[pay.google.com/intl/en_hk/about/where-to-use/index.html]
[pay.google.com/intl/en_hk/about/banks/index.html]
[pay.google.com/intl/en_hk/about/learn/index.html]
[pay.google.com/intl/en_ie/about/where-to-use/index.html]
[pay.google.com/intl/en_ie/about/banks/index.html]
[pay.google.com/intl/en_ie/about/learn/index.html]
[pay.google.com/intl/en_no/about/banks/index.html]
[pay.google.com/intl/en_no/about/learn/index.html]
[pay.google.com/intl/en_nz/about/where-to-use/index.html]
[pay.google.com/intl/en_nz/about/banks/index.html]
[pay.google.com/intl/en_nz/about/learn/index.html]
[pay.google.com/intl/en_se/about/banks/index.html]
[pay.google.com/intl/en_se/about/learn/index.html]
[pay.google.com/intl/en_sg/about/learn/index.html]
[pay.google.com/intl/en_uk/about/where-to-use/index.html]
[pay.google.com/intl/en_uk/about/banks/index.html]
[pay.google.com/intl/en_uk/about/learn/index.html]
[pay.google.com/intl/de_de/about/business/strong-customer-authentication/index.html]
[pay.google.com/about/paypal/index.html]
[pay.google.com/intl/de_de/about/business/implementation/index.html]
[pay.google.com/intl/en_uk/about/business/checkout/index.html]
[pay.google.com/intl/en_uk/about/business/passes-and-rewards/index.html]
[pay.google.com/intl/en_uk/about/business/partners/index.html]
[pay.google.com/intl/en_uk/about/business/implementation/index.html]
[pay.google.com/intl/en_uk/about/business/resources/index.html]
[pay.google.com/intl/en_uk/about/business/strong-customer-authentication/index.html]
[pay.google.com/intl/en_uk/about/business/index.html]
[pay.google.com/intl/en_uk/about/tfl-london-underground/index.html]
[pay.google.com/intl/es_es/about/where-to-use/index.html]
[pay.google.com/intl/es_es/about/banks/index.html]
[pay.google.com/intl/es_es/about/learn/index.html]
[pay.google.com/intl/es_es/about/business/index.html]
[pay.google.com/intl/en_uk/about/business/order-decals/index.html]
[pay.google.com/intl/fr_be/about/where-to-use/index.html]
[pay.google.com/intl/es_es/about/business/checkout/index.html]
[pay.google.com/intl/es_es/about/business/passes-and-rewards/index.html]
[pay.google.com/intl/fr_be/about/banks/index.html]
[pay.google.com/intl/es_es/about/business/partners/index.html]
[pay.google.com/intl/es_es/about/business/strong-customer-authentication/index.html]
[pay.google.com/intl/fr_ca/about/where-to-use/index.html]
[pay.google.com/intl/fr_ca/about/banks/index.html]
[pay.google.com/intl/fr_ca/about/learn/index.html]
[pay.google.com/intl/fr_fr/about/where-to-use/index.html]
[pay.google.com/intl/fr_fr/about/banks/index.html]
[pay.google.com/intl/fr_fr/about/learn/index.html]
[pay.google.com/intl/es_es/about/business/implementation/index.html]
[pay.google.com/intl/es_es/about/business/resources/index.html]
[pay.google.com/intl/fr_fr/about/business/index.html]
[pay.google.com/intl/es_es/about/business/order-decals/index.html]
[pay.google.com/intl/fr_fr/about/business/checkout/index.html]
[pay.google.com/intl/it_it/about/where-to-use/index.html]
[pay.google.com/intl/fr_fr/about/business/passes-and-rewards/index.html]
[pay.google.com/intl/fr_fr/about/business/partners/index.html]
[pay.google.com/intl/it_it/about/banks/index.html]
[pay.google.com/intl/it_it/about/learn/index.html]
[pay.google.com/intl/fr_fr/about/business/order-decals/index.html]
[pay.google.com/intl/it_it/about/business/index.html]
[pay.google.com/intl/fr_fr/about/business/resources/index.html]
[pay.google.com/intl/fr_fr/about/business/implementation/index.html]
[pay.google.com/intl/ja_jp/about/where-to-use/index.html]
[pay.google.com/intl/it_it/about/business/checkout/index.html]
[pay.google.com/intl/it_it/about/business/passes-and-rewards/index.html]
[pay.google.com/intl/ja_jp/about/card-lineup/index.html]
[pay.google.com/intl/it_it/about/business/resources/index.html]
[pay.google.com/intl/it_it/about/business/strong-customer-authentication/index.html]
[pay.google.com/intl/ja_jp/about/promotions/index.html]
[pay.google.com/intl/ja_jp/about/learn/index.html]
[pay.google.com/intl/ja_jp/about/business/index.html]
[pay.google.com/intl/it_it/about/business/implementation/index.html]
[pay.google.com/intl/nl_be/about/where-to-use/index.html]
[pay.google.com/intl/it_it/about/business/partners/index.html]
[pay.google.com/intl/it_it/about/business/order-decals/index.html]
[pay.google.com/intl/nl_be/about/banks/index.html]
[pay.google.com/intl/ja_jp/about/business/passes-and-rewards/index.html]
[pay.google.com/intl/ja_jp/about/business/checkout/index.html]
[pay.google.com/intl/pl_pl/about/where-to-use/index.html]
[pay.google.com/intl/pl_pl/about/banks/index.html]
[pay.google.com/intl/pl_pl/about/learn/index.html]
[pay.google.com/intl/ja_jp/about/business/partners/index.html]
[pay.google.com/intl/ja_jp/about/business/implementation/index.html]
[pay.google.com/intl/pl_pl/about/business/checkout/index.html]
[pay.google.com/intl/pl_pl/about/business/passes-and-rewards/index.html]
[pay.google.com/intl/pl_pl/about/business/index.html]
[pay.google.com/intl/pt_br/about/where-to-use/index.html]
[pay.google.com/intl/pl_pl/about/business/strong-customer-authentication/index.html]
[pay.google.com/intl/pl_pl/about/business/implementation/index.html]
[pay.google.com/intl/pt_br/about/banks/index.html]
[pay.google.com/intl/pt_br/about/learn/index.html]
[pay.google.com/intl/pl_pl/about/business/resources/index.html]
[pay.google.com/intl/pt_br/about/business/index.html]
[pay.google.com/intl/pl_pl/about/business/partners/index.html]
[pay.google.com/intl/pl_pl/about/business/order-decals/index.html]
[pay.google.com/intl/ru_ru/about/where-to-use/index.html]
[pay.google.com/intl/pt_br/about/business/checkout/index.html]
[pay.google.com/intl/ru_ru/about/banks/index.html]
[pay.google.com/intl/ru_ru/about/learn/index.html]
[pay.google.com/intl/ru_ru/about/business/index.html]
[pay.google.com/intl/pt_br/about/business/passes-and-rewards/index.html]
[pay.google.com/intl/sk_sk/about/where-to-use/index.html]
[pay.google.com/intl/pt_br/about/business/implementation/index.html]
[pay.google.com/intl/pt_br/about/business/partners/index.html]
[pay.google.com/intl/sk_sk/about/banks/index.html]
[pay.google.com/intl/ru_ru/about/business/passes-and-rewards/index.html]
[pay.google.com/intl/ru_ru/about/business/checkout/index.html]
[pay.google.com/intl/uk_ua/about/where-to-use/index.html]
[pay.google.com/intl/uk_ua/about/banks/index.html]
[pay.google.com/intl/uk_ua/about/learn/index.html]
[pay.google.com/intl/ru_ru/about/business/partners/index.html]
[pay.google.com/intl/uk_ua/about/business/index.html]
[pay.google.com/intl/ru_ru/about/business/implementation/index.html]
[pay.google.com/intl/uk_ua/about/business/passes-and-rewards/index.html]
[pay.google.com/intl/uk_ua/about/business/checkout/index.html]
[pay.google.com/intl/uk_ua/about/business/implementation/index.html]
[pay.google.com/intl/uk_ua/about/business/partners/index.html]
[pay.google.com/intl/uk_ua/about/business/resources/index.html]
[pay.google.com/about/static/fonts/OCRAStd.woff2]
[pay.google.com/about/static/fonts/OCRAStd.woff]
[pay.google.com/about/static/images/send/pixel_frame.png]
[pay.google.com/about/static/images/hero/phone/phone-wrapper.png]
[pay.google.com/about/static/images/hero/phone/iphonex.png]
[pay.google.com/about/static/images/hero/phone/phone-wrapper-one-x3.png]
[pay.google.com/about/static/images/hero/phone/phone-generic-wrapper.png]
[pay.google.com/about/intl/en_in/static/img/hero/phone/white-phone.png]
[pay.google.com/about/static/images/paypal/browser.jpg]
[pay.google.com/about/static/images/paypal/paypal-menu.jpg]
[pay.google.com/about/static/images/paypal/other-payments-icons.jpg]
[pay.google.com/about/static/fonts/icons.eot]
[pay.google.com/about/static/fonts/iconsd41d.eot]
[pay.google.com/about/static/fonts/icons.woff]
[pay.google.com/about/static/fonts/icons.ttf]
[pay.google.com/about/static/images/icons/gray-down-icon.png]
[pay.google.com/about/static/images/paypal/phone-display-icons.jpg]
[pay.google.com/about/static/css/bundle.min.css]
[pay.google.com/about/static/images/logos/google-pay-logo.svg]
[pay.google.com/intl/zh_hk/about/where-to-use/index.html]
[pay.google.com/intl/zh_hk/about/banks/index.html]
[pay.google.com/intl/zh_hk/about/learn/index.html]
[pay.google.com/intl/zh_hk/about/business/index.html]
[pay.google.com/intl/zh_tw/about/where-to-use/index.html]
[pay.google.com/intl/zh_hk/about/business/passes-and-rewards/index.html]
[pay.google.com/intl/zh_hk/about/business/partners/index.html]
[pay.google.com/intl/zh_tw/about/banks/index.html]
[pay.google.com/intl/zh_hk/about/business/checkout/index.html]
[pay.google.com/intl/zh_tw/about/learn/index.html]
[pay.google.com/intl/zh_tw/about/business/index.html]
[pay.google.com/intl/zh_hk/about/business/implementation/index.html]
[pay.google.com/about/static_kcs/fonts/icons.html]
[pay.google.com/intl/zh_hk/about/business/order-decals/index.html]
[pay.google.com/intl/zh_tw/about/business/checkout/index.html]
[pay.google.com/intl/zh_tw/about/business/passes-and-rewards/index.html]
[pay.google.com/intl/zh_tw/about/business/partners/index.html]
[pay.google.com/intl/zh_tw/about/business/implementation/index.html]
[pay.google.com/about/business/static/images/social/og_image.jpg]
[pay.google.com/intl/zh_tw/about/business/order-decals/index.html]
[pay.google.com/intl/es_us/about/business/checkout/index.html]
[pay.google.com/intl/es_us/about/business/passes-and-rewards/index.html]
[pay.google.com/intl/es_us/about/business/partners/index.html]
[pay.google.com/intl/es_us/about/business/implementation/index.html]
[pay.google.com/intl/es_us/about/business/index.html]
[pay.google.com/intl/es_us/about/business/order-decals/index.html]
[pay.google.com/about/business/static/images/icons/gray-down-icon.png]
[pay.google.com/about/business/static/css/index.min.css]
[pay.google.com/about/business/static/images/logos/logo-gp3.svg]
[pay.google.com/business/console/index.html]
[pay.google.com/intl/en_in/about/business/terms/index.html]
[pay.google.com/intl/en_in/about/business/policy/partners/index.html]
[pay.google.com/about/business/terms/index.html]
[pay.google.com/about/business/resources/index.html]
[pay.google.com/intl/en_in/about/business/resources/index.html]
[pay.google.com/intl/en_in/about/policy/index.html]
[pay.google.com/intl/en_in/about/external/npci/index.html]
[pay.google.com/about/policy/index.html]
[pay.google.com/about/static_kcs/js/index.min.js]
[pay.google.com/intl/en_in/about/terms/external/mmtc/index.html]
[pay.google.com/intl/en_in/about/business/policy/index.html]
[pay.google.com/about/where-to-use/index.html]
[pay.google.com/about/banks/index.html]
[pay.google.com/about/learn/index.html]
[pay.google.com/about/business/policy/index.html]
[pay.google.com/intl/en_sg/about/business/policy/index.html]
[pay.google.com/index.html]
[pay.google.com/payments/u/0/home.html]
[pay.google.com/about/business/static/images/logos/google-pay-logo.svg]
[pay.google.com/payments/home.html]
[pay.google.com/about/business/static/images/phone/pixel4-phone.png]
[pay.google.com/about/business/checkout/index.html]
[pay.google.com/about/business/static/images/phone/pixel4-phone-screen.png]
[pay.google.com/about/business/static/images/gifs/gpay.gif]
[pay.google.com/intl/cs_cz/about/business/checkout/index.html]
[pay.google.com/intl/cs_cz/about/business/passes-and-rewards/index.html]
[pay.google.com/intl/cs_cz/about/business/partners/index.html]
[pay.google.com/intl/cs_cz/about/business/implementation/index.html]
[pay.google.com/intl/cs_cz/about/business/resources/index.html]
[pay.google.com/intl/cs_cz/about/business/strong-customer-authentication/index.html]
[pay.google.com/intl/cs_cz/about/business/order-decals/index.html]
[pay.google.com/about/business/partners/index.html]
[pay.google.com/intl/de_de/about/business/checkout/index.html]
[pay.google.com/about/business/passes-and-rewards/index.html]
[pay.google.com/intl/el_gr/about/business/order-decals/index.html]
[pay.google.com/intl/de_de/about/business/passes-and-rewards/index.html]
[pay.google.com/intl/bg_bg/about/business/order-decals/index.html]
[pay.google.com/intl/de_at/about/business/order-decals/index.html]
[pay.google.com/about/business/implementation/index.html]
[pay.google.com/intl/de_de/about/business/partners/index.html]
[pay.google.com/intl/de_de/about/business/implementation/index.html]
[pay.google.com/intl/en_ca/about/business/order-decals/index.html]
[pay.google.com/intl/en_dk/about/business/order-decals/index.html]
[pay.google.com/intl/de_de/about/business/resources/index.html]
[pay.google.com/intl/en_fi/about/business/order-decals/index.html]
[pay.google.com/intl/en_au/about/business/order-decals/index.html]
[pay.google.com/intl/en_no/about/business/order-decals/index.html]
[pay.google.com/intl/de_de/about/business/order-decals/index.html]
[pay.google.com/intl/en_se/about/business/order-decals/index.html]
[pay.google.com/intl/en_ie/about/business/order-decals/index.html]
[pay.google.com/intl/de_de/about/business/strong-customer-authentication/index.html]
[pay.google.com/intl/en_hk/about/business/order-decals/index.html]
[pay.google.com/intl/et_ee/about/business/order-decals/index.html]
[pay.google.com/intl/en_sg/about/business/order-decals/index.html]
[pay.google.com/about/paypal/index.html]
[pay.google.com/about/business/order-decals/index.html]
[pay.google.com/intl/hu_hu/about/business/order-decals/index.html]
[pay.google.com/intl/lv_lv/about/business/order-decals/index.html]
[pay.google.com/intl/lt_lt/about/business/order-decals/index.html]
[pay.google.com/intl/nl_nl/about/business/order-decals/index.html]
[pay.google.com/intl/en_uk/about/business/checkout/index.html]
[pay.google.com/intl/en_uk/about/business/passes-and-rewards/index.html]
[pay.google.com/intl/en_uk/about/business/partners/index.html]
[pay.google.com/intl/en_uk/about/business/implementation/index.html]
[pay.google.com/intl/en_uk/about/business/resources/index.html]
[pay.google.com/intl/en_uk/about/business/strong-customer-authentication/index.html]
[pay.google.com/intl/en_uk/about/business/order-decals/index.html]
[pay.google.com/intl/es_es/about/business/checkout/index.html]
[pay.google.com/intl/es_es/about/business/passes-and-rewards/index.html]
[pay.google.com/intl/es_es/about/business/partners/index.html]
[pay.google.com/intl/es_es/about/business/implementation/index.html]
[pay.google.com/intl/es_es/about/business/resources/index.html]
[pay.google.com/intl/es_es/about/business/strong-customer-authentication/index.html]
[pay.google.com/intl/es_es/about/business/order-decals/index.html]
[pay.google.com/intl/fr_fr/about/business/checkout/index.html]
[pay.google.com/intl/fr_fr/about/business/passes-and-rewards/index.html]
[pay.google.com/intl/fr_fr/about/business/partners/index.html]
[pay.google.com/intl/fr_fr/about/business/implementation/index.html]
[pay.google.com/intl/fr_fr/about/business/resources/index.html]
[pay.google.com/intl/fr_fr/about/business/order-decals/index.html]
[pay.google.com/intl/it_it/about/business/checkout/index.html]
[pay.google.com/intl/it_it/about/business/passes-and-rewards/index.html]
[pay.google.com/intl/it_it/about/business/partners/index.html]
[pay.google.com/intl/it_it/about/business/implementation/index.html]
[pay.google.com/intl/it_it/about/business/resources/index.html]
[pay.google.com/intl/it_it/about/business/strong-customer-authentication/index.html]
[pay.google.com/intl/it_it/about/business/order-decals/index.html]
[pay.google.com/intl/uk_ua/about/business/order-decals/index.html]
[pay.google.com/intl/pt_pt/about/business/order-decals/index.html]
[pay.google.com/intl/ro_ro/about/business/order-decals/index.html]
[pay.google.com/about/business/static/images/phone/standard-phone.png]
[pay.google.com/about/business/static/images/phone/standard-phone-screen.png]
[pay.google.com/intl/ja_jp/about/business/checkout/index.html]
[pay.google.com/intl/ja_jp/about/business/passes-and-rewards/index.html]
[pay.google.com/intl/ja_jp/about/business/partners/index.html]
[pay.google.com/intl/ja_jp/about/business/implementation/index.html]
[pay.google.com/intl/pl_pl/about/business/checkout/index.html]
[pay.google.com/intl/pl_pl/about/business/passes-and-rewards/index.html]
[pay.google.com/intl/pl_pl/about/business/partners/index.html]
[pay.google.com/intl/pl_pl/about/business/implementation/index.html]
[pay.google.com/intl/pl_pl/about/business/resources/index.html]
[pay.google.com/intl/pl_pl/about/business/strong-customer-authentication/index.html]
[pay.google.com/intl/pl_pl/about/business/order-decals/index.html]
[pay.google.com/intl/pt_br/about/business/checkout/index.html]
[pay.google.com/intl/pt_br/about/business/passes-and-rewards/index.html]
[pay.google.com/intl/pt_br/about/business/partners/index.html]
[pay.google.com/intl/pt_br/about/business/implementation/index.html]
[pay.google.com/intl/ru_ru/about/business/checkout/index.html]
[pay.google.com/intl/ru_ru/about/business/passes-and-rewards/index.html]
[pay.google.com/intl/ru_ru/about/business/partners/index.html]
[pay.google.com/intl/ru_ru/about/business/implementation/index.html]
[pay.google.com/intl/uk_ua/about/business/checkout/index.html]
[pay.google.com/intl/uk_ua/about/business/passes-and-rewards/index.html]
[pay.google.com/intl/uk_ua/about/business/partners/index.html]
[pay.google.com/intl/uk_ua/about/business/implementation/index.html]
[pay.google.com/intl/uk_ua/about/business/resources/index.html]
[pay.google.com/about/static/fonts/icons.html]
[pay.google.com/intl/zh_hk/about/business/checkout/index.html]
[pay.google.com/intl/zh_hk/about/business/passes-and-rewards/index.html]
[pay.google.com/intl/zh_hk/about/business/partners/index.html]
[pay.google.com/intl/zh_hk/about/business/implementation/index.html]
[pay.google.com/intl/zh_hk/about/business/order-decals/index.html]
[pay.google.com/intl/zh_tw/about/business/checkout/index.html]
[pay.google.com/intl/zh_tw/about/business/passes-and-rewards/index.html]
[pay.google.com/intl/zh_tw/about/business/partners/index.html]
[pay.google.com/intl/zh_tw/about/business/implementation/index.html]
[pay.google.com/intl/zh_tw/about/business/order-decals/index.html]
[pay.google.com/intl/es_us/about/business/checkout/index.html]
[pay.google.com/intl/es_us/about/business/passes-and-rewards/index.html]
[pay.google.com/intl/es_us/about/business/partners/index.html]
[pay.google.com/intl/es_us/about/business/implementation/index.html]
[pay.google.com/intl/es_us/about/business/order-decals/index.html]
[pay.google.com/about/business/terms/index.html]
[pay.google.com/intl/en_in/about/business/policy/partners/index.html]
[pay.google.com/about/business/resources/index.html]
[pay.google.com/about/policy/index.html]
[pay.google.com/about/static_kcs/css/index.min.css]
[pay.google.com/intl/en_sg/about/business/policy/index.html]
[pay.google.com/about/business/policy/index.html]
[pay.google.com/payments/home.html]
[pay.google.com/about/static_kcs/images/logos/footer-logoddbe.svg]
[pay.google.com/about/business/static/images/phone/pixel4-phone-gp3.png]
[pay.google.com/about/business/checkout/index.html]
[pay.google.com/about/business/static/images/logos/co-marketing-gpay-logo.svg]
[pay.google.com/about/business/passes-and-rewards/index.html]
[pay.google.com/about/business/partners/index.html]
[pay.google.com/about/business/implementation/index.html]
[pay.google.com/intl/bg_bg/about/business/order-decals/index.html]
[pay.google.com/intl/de_at/about/business/order-decals/index.html]
[pay.google.com/intl/el_gr/about/business/order-decals/index.html]
[pay.google.com/intl/en_au/about/business/order-decals/index.html]
[pay.google.com/intl/en_ca/about/business/order-decals/index.html]
[pay.google.com/intl/en_dk/about/business/order-decals/index.html]
[pay.google.com/intl/en_fi/about/business/order-decals/index.html]
[pay.google.com/intl/en_hk/about/business/order-decals/index.html]
[pay.google.com/intl/en_ie/about/business/order-decals/index.html]
[pay.google.com/intl/en_no/about/business/order-decals/index.html]
[pay.google.com/intl/en_se/about/business/order-decals/index.html]
[pay.google.com/intl/en_sg/about/business/order-decals/index.html]
[pay.google.com/about/business/order-decals/index.html]
[pay.google.com/intl/et_ee/about/business/order-decals/index.html]
[pay.google.com/intl/hu_hu/about/business/order-decals/index.html]
[pay.google.com/intl/lt_lt/about/business/order-decals/index.html]
[pay.google.com/intl/lv_lv/about/business/order-decals/index.html]
[pay.google.com/intl/nl_nl/about/business/order-decals/index.html]
[pay.google.com/intl/pt_pt/about/business/order-decals/index.html]
[pay.google.com/intl/ro_ro/about/business/order-decals/index.html]
[pay.google.com/intl/uk_ua/about/business/order-decals/index.html]
[pay.google.com/about/static_kcs/images/logos/footer-logoddbe.svg]
[pay.google.com/about/business/static/images/logos/co-marketing-gpay-logo.svg]
